// Vitest Snapshot v1

exports[`The config library > can initialize a new config file 1`] = `
{
  "allowVersionFallback": true,
  "defaultAllowedReleaseTypes": [
    "release",
    "beta",
  ],
  "gameVersion": "1.19.2",
  "loader": "fabric",
  "mods": [],
  "modsFolder": "mods",
}
`;
