// Vitest Snapshot v1

exports[`The main CLI configuration > is set up correctly 1`] = `
Command {
  "_actionHandler": null,
  "_addImplicitHelpCommand": undefined,
  "_aliases": [],
  "_allowExcessArguments": true,
  "_allowUnknownOption": false,
  "_args": [],
  "_argsDescription": undefined,
  "_combineFlagAndOptionalValue": true,
  "_defaultCommandName": null,
  "_description": "Manages mods from Modrinth and Curseforge",
  "_enablePositionalOptions": false,
  "_events": {
    "afterHelp": [Function],
    "option:config": [Function],
    "option:debug": [
      [Function],
      [Function],
    ],
    "option:quiet": [
      [Function],
      [Function],
    ],
    "option:version": [Function],
  },
  "_eventsCount": 5,
  "_executableDir": null,
  "_executableFile": null,
  "_executableHandler": false,
  "_exitCallback": null,
  "_hasHelpOption": true,
  "_helpCommandDescription": "display help for command",
  "_helpCommandName": "help",
  "_helpCommandnameAndArgs": "help [command]",
  "_helpConfiguration": {},
  "_helpDescription": "display help for command",
  "_helpFlags": "-h, --help",
  "_helpLongFlag": "--help",
  "_helpShortFlag": "-h",
  "_hidden": false,
  "_lifeCycleHooks": {},
  "_maxListeners": undefined,
  "_name": "Minecraft Mod Manager",
  "_optionValueSources": {
    "config": "default",
    "debug": "default",
    "quiet": "default",
  },
  "_optionValues": {
    "config": "./modlist.json",
    "debug": false,
    "quiet": false,
  },
  "_outputConfiguration": {
    "getErrHelpWidth": [Function],
    "getOutHelpWidth": [Function],
    "outputError": [Function],
    "writeErr": [Function],
    "writeOut": [Function],
  },
  "_passThroughOptions": false,
  "_scriptPath": null,
  "_showHelpAfterError": false,
  "_showSuggestionAfterError": true,
  "_storeOptionsAsProperties": false,
  "_summary": "",
  "_version": "DEV",
  "_versionOptionName": "version",
  "args": [],
  "commands": [
    Command {
      "_actionHandler": [Function],
      "_addImplicitHelpCommand": undefined,
      "_aliases": [
        "l",
        "ls",
      ],
      "_allowExcessArguments": true,
      "_allowUnknownOption": false,
      "_args": [],
      "_argsDescription": undefined,
      "_combineFlagAndOptionalValue": true,
      "_defaultCommandName": null,
      "_description": "",
      "_enablePositionalOptions": false,
      "_events": {},
      "_eventsCount": 0,
      "_executableDir": null,
      "_executableFile": null,
      "_executableHandler": false,
      "_exitCallback": null,
      "_hasHelpOption": true,
      "_helpCommandDescription": "display help for command",
      "_helpCommandName": "help",
      "_helpCommandnameAndArgs": "help [command]",
      "_helpConfiguration": {},
      "_helpDescription": "display help for command",
      "_helpFlags": "-h, --help",
      "_helpLongFlag": "--help",
      "_helpShortFlag": "-h",
      "_hidden": false,
      "_lifeCycleHooks": {},
      "_maxListeners": undefined,
      "_name": "list",
      "_optionValueSources": {},
      "_optionValues": {},
      "_outputConfiguration": {
        "getErrHelpWidth": [Function],
        "getOutHelpWidth": [Function],
        "outputError": [Function],
        "writeErr": [Function],
        "writeOut": [Function],
      },
      "_passThroughOptions": false,
      "_scriptPath": null,
      "_showHelpAfterError": false,
      "_showSuggestionAfterError": true,
      "_storeOptionsAsProperties": false,
      "_summary": "",
      "args": [],
      "commands": [],
      "options": [],
      "parent": [Circular],
      "processedArgs": [],
      "rawArgs": [],
      Symbol(kCapture): false,
    },
    Command {
      "_actionHandler": [Function],
      "_addImplicitHelpCommand": undefined,
      "_aliases": [
        "i",
      ],
      "_allowExcessArguments": true,
      "_allowUnknownOption": false,
      "_args": [],
      "_argsDescription": undefined,
      "_combineFlagAndOptionalValue": true,
      "_defaultCommandName": null,
      "_description": "",
      "_enablePositionalOptions": false,
      "_events": {},
      "_eventsCount": 0,
      "_executableDir": null,
      "_executableFile": null,
      "_executableHandler": false,
      "_exitCallback": null,
      "_hasHelpOption": true,
      "_helpCommandDescription": "display help for command",
      "_helpCommandName": "help",
      "_helpCommandnameAndArgs": "help [command]",
      "_helpConfiguration": {},
      "_helpDescription": "display help for command",
      "_helpFlags": "-h, --help",
      "_helpLongFlag": "--help",
      "_helpShortFlag": "-h",
      "_hidden": false,
      "_lifeCycleHooks": {},
      "_maxListeners": undefined,
      "_name": "install",
      "_optionValueSources": {},
      "_optionValues": {},
      "_outputConfiguration": {
        "getErrHelpWidth": [Function],
        "getOutHelpWidth": [Function],
        "outputError": [Function],
        "writeErr": [Function],
        "writeOut": [Function],
      },
      "_passThroughOptions": false,
      "_scriptPath": null,
      "_showHelpAfterError": false,
      "_showSuggestionAfterError": true,
      "_storeOptionsAsProperties": false,
      "_summary": "",
      "args": [],
      "commands": [],
      "options": [],
      "parent": [Circular],
      "processedArgs": [],
      "rawArgs": [],
      Symbol(kCapture): false,
    },
    Command {
      "_actionHandler": [Function],
      "_addImplicitHelpCommand": undefined,
      "_aliases": [
        "u",
      ],
      "_allowExcessArguments": true,
      "_allowUnknownOption": false,
      "_args": [],
      "_argsDescription": undefined,
      "_combineFlagAndOptionalValue": true,
      "_defaultCommandName": null,
      "_description": "",
      "_enablePositionalOptions": false,
      "_events": {},
      "_eventsCount": 0,
      "_executableDir": null,
      "_executableFile": null,
      "_executableHandler": false,
      "_exitCallback": null,
      "_hasHelpOption": true,
      "_helpCommandDescription": "display help for command",
      "_helpCommandName": "help",
      "_helpCommandnameAndArgs": "help [command]",
      "_helpConfiguration": {},
      "_helpDescription": "display help for command",
      "_helpFlags": "-h, --help",
      "_helpLongFlag": "--help",
      "_helpShortFlag": "-h",
      "_hidden": false,
      "_lifeCycleHooks": {},
      "_maxListeners": undefined,
      "_name": "update",
      "_optionValueSources": {},
      "_optionValues": {},
      "_outputConfiguration": {
        "getErrHelpWidth": [Function],
        "getOutHelpWidth": [Function],
        "outputError": [Function],
        "writeErr": [Function],
        "writeOut": [Function],
      },
      "_passThroughOptions": false,
      "_scriptPath": null,
      "_showHelpAfterError": false,
      "_showSuggestionAfterError": true,
      "_storeOptionsAsProperties": false,
      "_summary": "",
      "args": [],
      "commands": [],
      "options": [],
      "parent": [Circular],
      "processedArgs": [],
      "rawArgs": [],
      Symbol(kCapture): false,
    },
    Command {
      "_actionHandler": [Function],
      "_addImplicitHelpCommand": undefined,
      "_aliases": [
        "a",
      ],
      "_allowExcessArguments": true,
      "_allowUnknownOption": false,
      "_args": [
        Argument {
          "_name": "type",
          "argChoices": undefined,
          "defaultValue": undefined,
          "defaultValueDescription": undefined,
          "description": "curseforge or modrinth",
          "parseArg": undefined,
          "required": true,
          "variadic": false,
        },
        Argument {
          "_name": "id",
          "argChoices": undefined,
          "defaultValue": undefined,
          "defaultValueDescription": undefined,
          "description": "Curseforge or Modrinth Project Id",
          "parseArg": undefined,
          "required": true,
          "variadic": false,
        },
      ],
      "_argsDescription": undefined,
      "_combineFlagAndOptionalValue": true,
      "_defaultCommandName": null,
      "_description": "",
      "_enablePositionalOptions": false,
      "_events": {},
      "_eventsCount": 0,
      "_executableDir": null,
      "_executableFile": null,
      "_executableHandler": false,
      "_exitCallback": null,
      "_hasHelpOption": true,
      "_helpCommandDescription": "display help for command",
      "_helpCommandName": "help",
      "_helpCommandnameAndArgs": "help [command]",
      "_helpConfiguration": {},
      "_helpDescription": "display help for command",
      "_helpFlags": "-h, --help",
      "_helpLongFlag": "--help",
      "_helpShortFlag": "-h",
      "_hidden": false,
      "_lifeCycleHooks": {},
      "_maxListeners": undefined,
      "_name": "add",
      "_optionValueSources": {},
      "_optionValues": {},
      "_outputConfiguration": {
        "getErrHelpWidth": [Function],
        "getOutHelpWidth": [Function],
        "outputError": [Function],
        "writeErr": [Function],
        "writeOut": [Function],
      },
      "_passThroughOptions": false,
      "_scriptPath": null,
      "_showHelpAfterError": false,
      "_showSuggestionAfterError": true,
      "_storeOptionsAsProperties": false,
      "_summary": "",
      "args": [],
      "commands": [],
      "options": [],
      "parent": [Circular],
      "processedArgs": [],
      "rawArgs": [],
      Symbol(kCapture): false,
    },
    Command {
      "_actionHandler": [Function],
      "_addImplicitHelpCommand": undefined,
      "_aliases": [],
      "_allowExcessArguments": true,
      "_allowUnknownOption": false,
      "_args": [],
      "_argsDescription": undefined,
      "_combineFlagAndOptionalValue": true,
      "_defaultCommandName": null,
      "_description": "",
      "_enablePositionalOptions": false,
      "_events": {
        "option:allow-version-fallback": [Function],
        "option:default-allowed-release-types": [Function],
        "option:game-version": [Function],
        "option:loader": [Function],
        "option:mods-folder": [Function],
      },
      "_eventsCount": 5,
      "_executableDir": null,
      "_executableFile": null,
      "_executableHandler": false,
      "_exitCallback": null,
      "_hasHelpOption": true,
      "_helpCommandDescription": "display help for command",
      "_helpCommandName": "help",
      "_helpCommandnameAndArgs": "help [command]",
      "_helpConfiguration": {},
      "_helpDescription": "display help for command",
      "_helpFlags": "-h, --help",
      "_helpLongFlag": "--help",
      "_helpShortFlag": "-h",
      "_hidden": false,
      "_lifeCycleHooks": {},
      "_maxListeners": undefined,
      "_name": "init",
      "_optionValueSources": {},
      "_optionValues": {},
      "_outputConfiguration": {
        "getErrHelpWidth": [Function],
        "getOutHelpWidth": [Function],
        "outputError": [Function],
        "writeErr": [Function],
        "writeOut": [Function],
      },
      "_passThroughOptions": false,
      "_scriptPath": null,
      "_showHelpAfterError": false,
      "_showSuggestionAfterError": true,
      "_storeOptionsAsProperties": false,
      "_summary": "",
      "args": [],
      "commands": [],
      "options": [
        Option {
          "argChoices": undefined,
          "conflictsWith": [],
          "defaultValue": undefined,
          "defaultValueDescription": undefined,
          "description": "Which loader would you like to use? curseforge, modrinth",
          "envVar": undefined,
          "flags": "-l, --loader <loader>",
          "hidden": false,
          "implied": undefined,
          "long": "--loader",
          "mandatory": false,
          "negate": false,
          "optional": false,
          "parseArg": undefined,
          "presetArg": undefined,
          "required": true,
          "short": "-l",
          "variadic": false,
        },
        Option {
          "argChoices": undefined,
          "conflictsWith": [],
          "defaultValue": undefined,
          "defaultValueDescription": undefined,
          "description": "What exact Minecraft version are you using? (eg: 1.18.2, 1.19, 1.19.1)",
          "envVar": undefined,
          "flags": "-g, --game-version <gameVersion>",
          "hidden": false,
          "implied": undefined,
          "long": "--game-version",
          "mandatory": false,
          "negate": false,
          "optional": false,
          "parseArg": undefined,
          "presetArg": undefined,
          "required": true,
          "short": "-g",
          "variadic": false,
        },
        Option {
          "argChoices": undefined,
          "conflictsWith": [],
          "defaultValue": undefined,
          "defaultValueDescription": undefined,
          "description": "Should we try to download mods for previous Minecraft versions if they do not exists for your Minecraft Version?",
          "envVar": undefined,
          "flags": "-f, --allow-version-fallback",
          "hidden": false,
          "implied": undefined,
          "long": "--allow-version-fallback",
          "mandatory": false,
          "negate": false,
          "optional": false,
          "parseArg": undefined,
          "presetArg": undefined,
          "required": false,
          "short": "-f",
          "variadic": false,
        },
        Option {
          "argChoices": undefined,
          "conflictsWith": [],
          "defaultValue": undefined,
          "defaultValueDescription": undefined,
          "description": "Which types of releases would you like to consider to download? alpha, beta, release - comma separated list",
          "envVar": undefined,
          "flags": "-r, --default-allowed-release-types <defaultAllowedReleaseTypes>",
          "hidden": false,
          "implied": undefined,
          "long": "--default-allowed-release-types",
          "mandatory": false,
          "negate": false,
          "optional": false,
          "parseArg": undefined,
          "presetArg": undefined,
          "required": true,
          "short": "-r",
          "variadic": false,
        },
        Option {
          "argChoices": undefined,
          "conflictsWith": [],
          "defaultValue": undefined,
          "defaultValueDescription": undefined,
          "description": "where is your mods folder? (full or relative path from /path/to/minecraft/installation)",
          "envVar": undefined,
          "flags": "-m, --mods-folder <modsFolder>",
          "hidden": false,
          "implied": undefined,
          "long": "--mods-folder",
          "mandatory": false,
          "negate": false,
          "optional": false,
          "parseArg": undefined,
          "presetArg": undefined,
          "required": true,
          "short": "-m",
          "variadic": false,
        },
      ],
      "parent": [Circular],
      "processedArgs": [],
      "rawArgs": [],
      Symbol(kCapture): false,
    },
    Command {
      "_actionHandler": [Function],
      "_addImplicitHelpCommand": undefined,
      "_aliases": [
        "t",
      ],
      "_allowExcessArguments": true,
      "_allowUnknownOption": false,
      "_args": [
        Argument {
          "_name": "game_version",
          "argChoices": undefined,
          "defaultValue": "latest",
          "defaultValueDescription": undefined,
          "description": "The Minecraft version to test",
          "parseArg": undefined,
          "required": false,
          "variadic": false,
        },
      ],
      "_argsDescription": undefined,
      "_combineFlagAndOptionalValue": true,
      "_defaultCommandName": null,
      "_description": "",
      "_enablePositionalOptions": false,
      "_events": {},
      "_eventsCount": 0,
      "_executableDir": null,
      "_executableFile": null,
      "_executableHandler": false,
      "_exitCallback": null,
      "_hasHelpOption": true,
      "_helpCommandDescription": "display help for command",
      "_helpCommandName": "help",
      "_helpCommandnameAndArgs": "help [command]",
      "_helpConfiguration": {},
      "_helpDescription": "display help for command",
      "_helpFlags": "-h, --help",
      "_helpLongFlag": "--help",
      "_helpShortFlag": "-h",
      "_hidden": false,
      "_lifeCycleHooks": {},
      "_maxListeners": undefined,
      "_name": "test",
      "_optionValueSources": {},
      "_optionValues": {},
      "_outputConfiguration": {
        "getErrHelpWidth": [Function],
        "getOutHelpWidth": [Function],
        "outputError": [Function],
        "writeErr": [Function],
        "writeOut": [Function],
      },
      "_passThroughOptions": false,
      "_scriptPath": null,
      "_showHelpAfterError": false,
      "_showSuggestionAfterError": true,
      "_storeOptionsAsProperties": false,
      "_summary": "",
      "args": [],
      "commands": [],
      "options": [],
      "parent": [Circular],
      "processedArgs": [],
      "rawArgs": [],
      Symbol(kCapture): false,
    },
  ],
  "options": [
    Option {
      "argChoices": undefined,
      "conflictsWith": [],
      "defaultValue": undefined,
      "defaultValueDescription": undefined,
      "description": "output the version number",
      "envVar": undefined,
      "flags": "-V, --version",
      "hidden": false,
      "implied": undefined,
      "long": "--version",
      "mandatory": false,
      "negate": false,
      "optional": false,
      "parseArg": undefined,
      "presetArg": undefined,
      "required": false,
      "short": "-V",
      "variadic": false,
    },
    Option {
      "argChoices": undefined,
      "conflictsWith": [],
      "defaultValue": "./modlist.json",
      "defaultValueDescription": undefined,
      "description": "An alternative JSON file containing the configuration",
      "envVar": undefined,
      "flags": "-c, --config <MODLIST_JSON>",
      "hidden": false,
      "implied": undefined,
      "long": "--config",
      "mandatory": false,
      "negate": false,
      "optional": false,
      "parseArg": undefined,
      "presetArg": undefined,
      "required": true,
      "short": "-c",
      "variadic": false,
    },
    Option {
      "argChoices": undefined,
      "conflictsWith": [],
      "defaultValue": false,
      "defaultValueDescription": undefined,
      "description": "Suppress all output",
      "envVar": undefined,
      "flags": "-q, --quiet",
      "hidden": false,
      "implied": undefined,
      "long": "--quiet",
      "mandatory": false,
      "negate": false,
      "optional": false,
      "parseArg": undefined,
      "presetArg": undefined,
      "required": false,
      "short": "-q",
      "variadic": false,
    },
    Option {
      "argChoices": undefined,
      "conflictsWith": [],
      "defaultValue": false,
      "defaultValueDescription": undefined,
      "description": "Enable debug messages",
      "envVar": undefined,
      "flags": "-d, --debug",
      "hidden": false,
      "implied": undefined,
      "long": "--debug",
      "mandatory": false,
      "negate": false,
      "optional": false,
      "parseArg": undefined,
      "presetArg": undefined,
      "required": false,
      "short": "-d",
      "variadic": false,
    },
  ],
  "parent": null,
  "processedArgs": [],
  "rawArgs": [],
  Symbol(kCapture): false,
}
`;
